// Vitest Snapshot v1, https://vitest.dev/guide/snapshot.html

exports[`Range.svelte > should handle class changes 1`] = `
<div>
  <!---->
  <div
    aria-disabled="false"
    class="test"
    data-disabled="false"
    data-range-root=""
  >
    <input
      name="range"
      type="hidden"
      value="0,0"
    />
     
    <div
      class="svelte-uj4j6v"
      data-range-track=""
    >
      <div
        class="svelte-uj4j6v"
        data-range-track-bar=""
      />
       
      <div
        class="svelte-uj4j6v"
        data-range-selected=""
        style="left: 0px; width: 0px;"
      />
       
      <!---->
       
      <div
        aria-disabled="false"
        aria-valuemax="0"
        aria-valuemin="0"
        aria-valuenow="0"
        class="svelte-144gy4u"
        data-disabled="false"
        data-range-thumb=""
        data-sliding="false"
        role="slider"
        style="left: 0px;"
        tabindex="0"
      />
      <!---->
    </div>
     
    <div
      class="svelte-uj4j6v"
      data-range-ticks=""
      style="--count: 10;"
    >
      <div
        aria-disabled="false"
        aria-selected="false"
        class="svelte-1n8zkn2"
        data-disabled="false"
        data-range-tick=""
        role="option"
        tabindex="0"
      >
        <div
          class="svelte-1n8zkn2"
          data-tick-bar=""
        />
         
        <p
          class="svelte-1n8zkn2"
          data-tick-label=""
        >
          0
        </p>
      </div>
      <div
        aria-disabled="false"
        aria-selected="false"
        class="svelte-1n8zkn2"
        data-disabled="false"
        data-range-tick=""
        role="option"
        tabindex="0"
      >
        <div
          class="svelte-1n8zkn2"
          data-tick-bar=""
        />
         
        <p
          class="svelte-1n8zkn2"
          data-tick-label=""
        >
          10
        </p>
      </div>
      <div
        aria-disabled="false"
        aria-selected="false"
        class="svelte-1n8zkn2"
        data-disabled="false"
        data-range-tick=""
        role="option"
        tabindex="0"
      >
        <div
          class="svelte-1n8zkn2"
          data-tick-bar=""
        />
         
        <p
          class="svelte-1n8zkn2"
          data-tick-label=""
        >
          20
        </p>
      </div>
      <div
        aria-disabled="false"
        aria-selected="false"
        class="svelte-1n8zkn2"
        data-disabled="false"
        data-range-tick=""
        role="option"
        tabindex="0"
      >
        <div
          class="svelte-1n8zkn2"
          data-tick-bar=""
        />
         
        <p
          class="svelte-1n8zkn2"
          data-tick-label=""
        >
          30
        </p>
      </div>
      <div
        aria-disabled="false"
        aria-selected="false"
        class="svelte-1n8zkn2"
        data-disabled="false"
        data-range-tick=""
        role="option"
        tabindex="0"
      >
        <div
          class="svelte-1n8zkn2"
          data-tick-bar=""
        />
         
        <p
          class="svelte-1n8zkn2"
          data-tick-label=""
        >
          40
        </p>
      </div>
      <div
        aria-disabled="false"
        aria-selected="false"
        class="svelte-1n8zkn2"
        data-disabled="false"
        data-range-tick=""
        role="option"
        tabindex="0"
      >
        <div
          class="svelte-1n8zkn2"
          data-tick-bar=""
        />
         
        <p
          class="svelte-1n8zkn2"
          data-tick-label=""
        >
          50
        </p>
      </div>
      <div
        aria-disabled="false"
        aria-selected="false"
        class="svelte-1n8zkn2"
        data-disabled="false"
        data-range-tick=""
        role="option"
        tabindex="0"
      >
        <div
          class="svelte-1n8zkn2"
          data-tick-bar=""
        />
         
        <p
          class="svelte-1n8zkn2"
          data-tick-label=""
        >
          60
        </p>
      </div>
      <div
        aria-disabled="false"
        aria-selected="false"
        class="svelte-1n8zkn2"
        data-disabled="false"
        data-range-tick=""
        role="option"
        tabindex="0"
      >
        <div
          class="svelte-1n8zkn2"
          data-tick-bar=""
        />
         
        <p
          class="svelte-1n8zkn2"
          data-tick-label=""
        >
          70
        </p>
      </div>
      <div
        aria-disabled="false"
        aria-selected="false"
        class="svelte-1n8zkn2"
        data-disabled="false"
        data-range-tick=""
        role="option"
        tabindex="0"
      >
        <div
          class="svelte-1n8zkn2"
          data-tick-bar=""
        />
         
        <p
          class="svelte-1n8zkn2"
          data-tick-label=""
        >
          80
        </p>
      </div>
      <div
        aria-disabled="false"
        aria-selected="false"
        class="svelte-1n8zkn2"
        data-disabled="false"
        data-range-tick=""
        role="option"
        tabindex="0"
      >
        <div
          class="svelte-1n8zkn2"
          data-tick-bar=""
        />
         
        <p
          class="svelte-1n8zkn2"
          data-tick-label=""
        >
          90
        </p>
      </div>
      <div
        aria-disabled="false"
        aria-selected="false"
        class="svelte-1n8zkn2"
        data-disabled="false"
        data-range-tick=""
        role="option"
        tabindex="0"
      >
        <div
          class="svelte-1n8zkn2"
          data-tick-bar=""
        />
         
        <p
          class="svelte-1n8zkn2"
          data-tick-label=""
        >
          100
        </p>
      </div>
      
    </div>
  </div>
  
  
</div>
`;

exports[`Range.svelte > should handle class changes 2`] = `
<div>
  <!---->
  <div
    aria-disabled="false"
    class="test2"
    data-disabled="false"
    data-range-root=""
  >
    <input
      name="range"
      type="hidden"
      value="0,0"
    />
     
    <div
      class="svelte-uj4j6v"
      data-range-track=""
    >
      <div
        class="svelte-uj4j6v"
        data-range-track-bar=""
      />
       
      <div
        class="svelte-uj4j6v"
        data-range-selected=""
        style="left: 0px; width: 0px;"
      />
       
      <!---->
       
      <div
        aria-disabled="false"
        aria-valuemax="0"
        aria-valuemin="0"
        aria-valuenow="0"
        class="svelte-144gy4u"
        data-disabled="false"
        data-range-thumb=""
        data-sliding="false"
        role="slider"
        style="left: 0px;"
        tabindex="0"
      />
      <!---->
    </div>
     
    <div
      class="svelte-uj4j6v"
      data-range-ticks=""
      style="--count: 10;"
    >
      <div
        aria-disabled="false"
        aria-selected="false"
        class="svelte-1n8zkn2"
        data-disabled="false"
        data-range-tick=""
        role="option"
        tabindex="0"
      >
        <div
          class="svelte-1n8zkn2"
          data-tick-bar=""
        />
         
        <p
          class="svelte-1n8zkn2"
          data-tick-label=""
        >
          0
        </p>
      </div>
      <div
        aria-disabled="false"
        aria-selected="false"
        class="svelte-1n8zkn2"
        data-disabled="false"
        data-range-tick=""
        role="option"
        tabindex="0"
      >
        <div
          class="svelte-1n8zkn2"
          data-tick-bar=""
        />
         
        <p
          class="svelte-1n8zkn2"
          data-tick-label=""
        >
          10
        </p>
      </div>
      <div
        aria-disabled="false"
        aria-selected="false"
        class="svelte-1n8zkn2"
        data-disabled="false"
        data-range-tick=""
        role="option"
        tabindex="0"
      >
        <div
          class="svelte-1n8zkn2"
          data-tick-bar=""
        />
         
        <p
          class="svelte-1n8zkn2"
          data-tick-label=""
        >
          20
        </p>
      </div>
      <div
        aria-disabled="false"
        aria-selected="false"
        class="svelte-1n8zkn2"
        data-disabled="false"
        data-range-tick=""
        role="option"
        tabindex="0"
      >
        <div
          class="svelte-1n8zkn2"
          data-tick-bar=""
        />
         
        <p
          class="svelte-1n8zkn2"
          data-tick-label=""
        >
          30
        </p>
      </div>
      <div
        aria-disabled="false"
        aria-selected="false"
        class="svelte-1n8zkn2"
        data-disabled="false"
        data-range-tick=""
        role="option"
        tabindex="0"
      >
        <div
          class="svelte-1n8zkn2"
          data-tick-bar=""
        />
         
        <p
          class="svelte-1n8zkn2"
          data-tick-label=""
        >
          40
        </p>
      </div>
      <div
        aria-disabled="false"
        aria-selected="false"
        class="svelte-1n8zkn2"
        data-disabled="false"
        data-range-tick=""
        role="option"
        tabindex="0"
      >
        <div
          class="svelte-1n8zkn2"
          data-tick-bar=""
        />
         
        <p
          class="svelte-1n8zkn2"
          data-tick-label=""
        >
          50
        </p>
      </div>
      <div
        aria-disabled="false"
        aria-selected="false"
        class="svelte-1n8zkn2"
        data-disabled="false"
        data-range-tick=""
        role="option"
        tabindex="0"
      >
        <div
          class="svelte-1n8zkn2"
          data-tick-bar=""
        />
         
        <p
          class="svelte-1n8zkn2"
          data-tick-label=""
        >
          60
        </p>
      </div>
      <div
        aria-disabled="false"
        aria-selected="false"
        class="svelte-1n8zkn2"
        data-disabled="false"
        data-range-tick=""
        role="option"
        tabindex="0"
      >
        <div
          class="svelte-1n8zkn2"
          data-tick-bar=""
        />
         
        <p
          class="svelte-1n8zkn2"
          data-tick-label=""
        >
          70
        </p>
      </div>
      <div
        aria-disabled="false"
        aria-selected="false"
        class="svelte-1n8zkn2"
        data-disabled="false"
        data-range-tick=""
        role="option"
        tabindex="0"
      >
        <div
          class="svelte-1n8zkn2"
          data-tick-bar=""
        />
         
        <p
          class="svelte-1n8zkn2"
          data-tick-label=""
        >
          80
        </p>
      </div>
      <div
        aria-disabled="false"
        aria-selected="false"
        class="svelte-1n8zkn2"
        data-disabled="false"
        data-range-tick=""
        role="option"
        tabindex="0"
      >
        <div
          class="svelte-1n8zkn2"
          data-tick-bar=""
        />
         
        <p
          class="svelte-1n8zkn2"
          data-tick-label=""
        >
          90
        </p>
      </div>
      <div
        aria-disabled="false"
        aria-selected="false"
        class="svelte-1n8zkn2"
        data-disabled="false"
        data-range-tick=""
        role="option"
        tabindex="0"
      >
        <div
          class="svelte-1n8zkn2"
          data-tick-bar=""
        />
         
        <p
          class="svelte-1n8zkn2"
          data-tick-label=""
        >
          100
        </p>
      </div>
      
    </div>
  </div>
  
  
</div>
`;

exports[`Range.svelte > should handle value changes 1`] = `
<div>
  <!---->
  <div
    aria-disabled="false"
    data-disabled="false"
    data-range-root=""
  >
    <input
      name="range"
      type="hidden"
      value="0,30"
    />
     
    <div
      class="svelte-uj4j6v"
      data-range-track=""
    >
      <div
        class="svelte-uj4j6v"
        data-range-track-bar=""
      />
       
      <div
        class="svelte-uj4j6v"
        data-range-selected=""
        style="left: 0px; width: 0px;"
      />
       
      <!---->
       
      <div
        aria-disabled="false"
        aria-valuemax="0"
        aria-valuemin="0"
        aria-valuenow="30"
        class="svelte-144gy4u"
        data-disabled="false"
        data-range-thumb=""
        data-sliding="false"
        role="slider"
        style="left: 0px;"
        tabindex="0"
      />
      <!---->
    </div>
     
    <div
      class="svelte-uj4j6v"
      data-range-ticks=""
      style="--count: 10;"
    >
      <div
        aria-disabled="false"
        aria-selected="false"
        class="svelte-1n8zkn2"
        data-disabled="false"
        data-range-tick=""
        role="option"
        tabindex="0"
      >
        <div
          class="svelte-1n8zkn2"
          data-tick-bar=""
        />
         
        <p
          class="svelte-1n8zkn2"
          data-tick-label=""
        >
          0
        </p>
      </div>
      <div
        aria-disabled="false"
        aria-selected="false"
        class="svelte-1n8zkn2"
        data-disabled="false"
        data-range-tick=""
        role="option"
        tabindex="0"
      >
        <div
          class="svelte-1n8zkn2"
          data-tick-bar=""
        />
         
        <p
          class="svelte-1n8zkn2"
          data-tick-label=""
        >
          10
        </p>
      </div>
      <div
        aria-disabled="false"
        aria-selected="false"
        class="svelte-1n8zkn2"
        data-disabled="false"
        data-range-tick=""
        role="option"
        tabindex="0"
      >
        <div
          class="svelte-1n8zkn2"
          data-tick-bar=""
        />
         
        <p
          class="svelte-1n8zkn2"
          data-tick-label=""
        >
          20
        </p>
      </div>
      <div
        aria-disabled="false"
        aria-selected="false"
        class="svelte-1n8zkn2"
        data-disabled="false"
        data-range-tick=""
        role="option"
        tabindex="0"
      >
        <div
          class="svelte-1n8zkn2"
          data-tick-bar=""
        />
         
        <p
          class="svelte-1n8zkn2"
          data-tick-label=""
        >
          30
        </p>
      </div>
      <div
        aria-disabled="false"
        aria-selected="false"
        class="svelte-1n8zkn2"
        data-disabled="false"
        data-range-tick=""
        role="option"
        tabindex="0"
      >
        <div
          class="svelte-1n8zkn2"
          data-tick-bar=""
        />
         
        <p
          class="svelte-1n8zkn2"
          data-tick-label=""
        >
          40
        </p>
      </div>
      <div
        aria-disabled="false"
        aria-selected="false"
        class="svelte-1n8zkn2"
        data-disabled="false"
        data-range-tick=""
        role="option"
        tabindex="0"
      >
        <div
          class="svelte-1n8zkn2"
          data-tick-bar=""
        />
         
        <p
          class="svelte-1n8zkn2"
          data-tick-label=""
        >
          50
        </p>
      </div>
      <div
        aria-disabled="false"
        aria-selected="false"
        class="svelte-1n8zkn2"
        data-disabled="false"
        data-range-tick=""
        role="option"
        tabindex="0"
      >
        <div
          class="svelte-1n8zkn2"
          data-tick-bar=""
        />
         
        <p
          class="svelte-1n8zkn2"
          data-tick-label=""
        >
          60
        </p>
      </div>
      <div
        aria-disabled="false"
        aria-selected="false"
        class="svelte-1n8zkn2"
        data-disabled="false"
        data-range-tick=""
        role="option"
        tabindex="0"
      >
        <div
          class="svelte-1n8zkn2"
          data-tick-bar=""
        />
         
        <p
          class="svelte-1n8zkn2"
          data-tick-label=""
        >
          70
        </p>
      </div>
      <div
        aria-disabled="false"
        aria-selected="false"
        class="svelte-1n8zkn2"
        data-disabled="false"
        data-range-tick=""
        role="option"
        tabindex="0"
      >
        <div
          class="svelte-1n8zkn2"
          data-tick-bar=""
        />
         
        <p
          class="svelte-1n8zkn2"
          data-tick-label=""
        >
          80
        </p>
      </div>
      <div
        aria-disabled="false"
        aria-selected="false"
        class="svelte-1n8zkn2"
        data-disabled="false"
        data-range-tick=""
        role="option"
        tabindex="0"
      >
        <div
          class="svelte-1n8zkn2"
          data-tick-bar=""
        />
         
        <p
          class="svelte-1n8zkn2"
          data-tick-label=""
        >
          90
        </p>
      </div>
      <div
        aria-disabled="false"
        aria-selected="false"
        class="svelte-1n8zkn2"
        data-disabled="false"
        data-range-tick=""
        role="option"
        tabindex="0"
      >
        <div
          class="svelte-1n8zkn2"
          data-tick-bar=""
        />
         
        <p
          class="svelte-1n8zkn2"
          data-tick-label=""
        >
          100
        </p>
      </div>
      
    </div>
  </div>
  
  
</div>
`;

exports[`Range.svelte > should handle value changes 2`] = `
<div>
  <!---->
  <div
    aria-disabled="false"
    data-disabled="false"
    data-range-root=""
  >
    <input
      name="range"
      type="hidden"
      value="0,30"
    />
     
    <div
      class="svelte-uj4j6v"
      data-range-track=""
    >
      <div
        class="svelte-uj4j6v"
        data-range-track-bar=""
      />
       
      <div
        class="svelte-uj4j6v"
        data-range-selected=""
        style="left: 0px; width: 0px;"
      />
       
      <!---->
       
      <div
        aria-disabled="false"
        aria-valuemax="0"
        aria-valuemin="0"
        aria-valuenow="30"
        class="svelte-144gy4u"
        data-disabled="false"
        data-range-thumb=""
        data-sliding="false"
        role="slider"
        style="left: 0px;"
        tabindex="0"
      />
      <!---->
    </div>
     
    <div
      class="svelte-uj4j6v"
      data-range-ticks=""
      style="--count: 10;"
    >
      <div
        aria-disabled="false"
        aria-selected="false"
        class="svelte-1n8zkn2"
        data-disabled="false"
        data-range-tick=""
        role="option"
        tabindex="0"
      >
        <div
          class="svelte-1n8zkn2"
          data-tick-bar=""
        />
         
        <p
          class="svelte-1n8zkn2"
          data-tick-label=""
        >
          0
        </p>
      </div>
      <div
        aria-disabled="false"
        aria-selected="false"
        class="svelte-1n8zkn2"
        data-disabled="false"
        data-range-tick=""
        role="option"
        tabindex="0"
      >
        <div
          class="svelte-1n8zkn2"
          data-tick-bar=""
        />
         
        <p
          class="svelte-1n8zkn2"
          data-tick-label=""
        >
          10
        </p>
      </div>
      <div
        aria-disabled="false"
        aria-selected="false"
        class="svelte-1n8zkn2"
        data-disabled="false"
        data-range-tick=""
        role="option"
        tabindex="0"
      >
        <div
          class="svelte-1n8zkn2"
          data-tick-bar=""
        />
         
        <p
          class="svelte-1n8zkn2"
          data-tick-label=""
        >
          20
        </p>
      </div>
      <div
        aria-disabled="false"
        aria-selected="false"
        class="svelte-1n8zkn2"
        data-disabled="false"
        data-range-tick=""
        role="option"
        tabindex="0"
      >
        <div
          class="svelte-1n8zkn2"
          data-tick-bar=""
        />
         
        <p
          class="svelte-1n8zkn2"
          data-tick-label=""
        >
          30
        </p>
      </div>
      <div
        aria-disabled="false"
        aria-selected="false"
        class="svelte-1n8zkn2"
        data-disabled="false"
        data-range-tick=""
        role="option"
        tabindex="0"
      >
        <div
          class="svelte-1n8zkn2"
          data-tick-bar=""
        />
         
        <p
          class="svelte-1n8zkn2"
          data-tick-label=""
        >
          40
        </p>
      </div>
      <div
        aria-disabled="false"
        aria-selected="false"
        class="svelte-1n8zkn2"
        data-disabled="false"
        data-range-tick=""
        role="option"
        tabindex="0"
      >
        <div
          class="svelte-1n8zkn2"
          data-tick-bar=""
        />
         
        <p
          class="svelte-1n8zkn2"
          data-tick-label=""
        >
          50
        </p>
      </div>
      <div
        aria-disabled="false"
        aria-selected="false"
        class="svelte-1n8zkn2"
        data-disabled="false"
        data-range-tick=""
        role="option"
        tabindex="0"
      >
        <div
          class="svelte-1n8zkn2"
          data-tick-bar=""
        />
         
        <p
          class="svelte-1n8zkn2"
          data-tick-label=""
        >
          60
        </p>
      </div>
      <div
        aria-disabled="false"
        aria-selected="false"
        class="svelte-1n8zkn2"
        data-disabled="false"
        data-range-tick=""
        role="option"
        tabindex="0"
      >
        <div
          class="svelte-1n8zkn2"
          data-tick-bar=""
        />
         
        <p
          class="svelte-1n8zkn2"
          data-tick-label=""
        >
          70
        </p>
      </div>
      <div
        aria-disabled="false"
        aria-selected="false"
        class="svelte-1n8zkn2"
        data-disabled="false"
        data-range-tick=""
        role="option"
        tabindex="0"
      >
        <div
          class="svelte-1n8zkn2"
          data-tick-bar=""
        />
         
        <p
          class="svelte-1n8zkn2"
          data-tick-label=""
        >
          80
        </p>
      </div>
      <div
        aria-disabled="false"
        aria-selected="false"
        class="svelte-1n8zkn2"
        data-disabled="false"
        data-range-tick=""
        role="option"
        tabindex="0"
      >
        <div
          class="svelte-1n8zkn2"
          data-tick-bar=""
        />
         
        <p
          class="svelte-1n8zkn2"
          data-tick-label=""
        >
          90
        </p>
      </div>
      <div
        aria-disabled="false"
        aria-selected="false"
        class="svelte-1n8zkn2"
        data-disabled="false"
        data-range-tick=""
        role="option"
        tabindex="0"
      >
        <div
          class="svelte-1n8zkn2"
          data-tick-bar=""
        />
         
        <p
          class="svelte-1n8zkn2"
          data-tick-label=""
        >
          100
        </p>
      </div>
      
    </div>
  </div>
  
  
</div>
`;

exports[`Range.svelte > should render 1`] = `
<div>
  <!---->
  <div
    aria-disabled="false"
    data-disabled="false"
    data-range-root=""
  >
    <input
      name="range"
      type="hidden"
      value="0,0"
    />
     
    <div
      class="svelte-uj4j6v"
      data-range-track=""
    >
      <div
        class="svelte-uj4j6v"
        data-range-track-bar=""
      />
       
      <div
        class="svelte-uj4j6v"
        data-range-selected=""
        style="left: 0px; width: 0px;"
      />
       
      <!---->
       
      <div
        aria-disabled="false"
        aria-valuemax="0"
        aria-valuemin="0"
        aria-valuenow="0"
        class="svelte-144gy4u"
        data-disabled="false"
        data-range-thumb=""
        data-sliding="false"
        role="slider"
        style="left: 0px;"
        tabindex="0"
      />
      <!---->
    </div>
     
    <div
      class="svelte-uj4j6v"
      data-range-ticks=""
      style="--count: 10;"
    >
      <div
        aria-disabled="false"
        aria-selected="false"
        class="svelte-1n8zkn2"
        data-disabled="false"
        data-range-tick=""
        role="option"
        tabindex="0"
      >
        <div
          class="svelte-1n8zkn2"
          data-tick-bar=""
        />
         
        <p
          class="svelte-1n8zkn2"
          data-tick-label=""
        >
          0
        </p>
      </div>
      <div
        aria-disabled="false"
        aria-selected="false"
        class="svelte-1n8zkn2"
        data-disabled="false"
        data-range-tick=""
        role="option"
        tabindex="0"
      >
        <div
          class="svelte-1n8zkn2"
          data-tick-bar=""
        />
         
        <p
          class="svelte-1n8zkn2"
          data-tick-label=""
        >
          10
        </p>
      </div>
      <div
        aria-disabled="false"
        aria-selected="false"
        class="svelte-1n8zkn2"
        data-disabled="false"
        data-range-tick=""
        role="option"
        tabindex="0"
      >
        <div
          class="svelte-1n8zkn2"
          data-tick-bar=""
        />
         
        <p
          class="svelte-1n8zkn2"
          data-tick-label=""
        >
          20
        </p>
      </div>
      <div
        aria-disabled="false"
        aria-selected="false"
        class="svelte-1n8zkn2"
        data-disabled="false"
        data-range-tick=""
        role="option"
        tabindex="0"
      >
        <div
          class="svelte-1n8zkn2"
          data-tick-bar=""
        />
         
        <p
          class="svelte-1n8zkn2"
          data-tick-label=""
        >
          30
        </p>
      </div>
      <div
        aria-disabled="false"
        aria-selected="false"
        class="svelte-1n8zkn2"
        data-disabled="false"
        data-range-tick=""
        role="option"
        tabindex="0"
      >
        <div
          class="svelte-1n8zkn2"
          data-tick-bar=""
        />
         
        <p
          class="svelte-1n8zkn2"
          data-tick-label=""
        >
          40
        </p>
      </div>
      <div
        aria-disabled="false"
        aria-selected="false"
        class="svelte-1n8zkn2"
        data-disabled="false"
        data-range-tick=""
        role="option"
        tabindex="0"
      >
        <div
          class="svelte-1n8zkn2"
          data-tick-bar=""
        />
         
        <p
          class="svelte-1n8zkn2"
          data-tick-label=""
        >
          50
        </p>
      </div>
      <div
        aria-disabled="false"
        aria-selected="false"
        class="svelte-1n8zkn2"
        data-disabled="false"
        data-range-tick=""
        role="option"
        tabindex="0"
      >
        <div
          class="svelte-1n8zkn2"
          data-tick-bar=""
        />
         
        <p
          class="svelte-1n8zkn2"
          data-tick-label=""
        >
          60
        </p>
      </div>
      <div
        aria-disabled="false"
        aria-selected="false"
        class="svelte-1n8zkn2"
        data-disabled="false"
        data-range-tick=""
        role="option"
        tabindex="0"
      >
        <div
          class="svelte-1n8zkn2"
          data-tick-bar=""
        />
         
        <p
          class="svelte-1n8zkn2"
          data-tick-label=""
        >
          70
        </p>
      </div>
      <div
        aria-disabled="false"
        aria-selected="false"
        class="svelte-1n8zkn2"
        data-disabled="false"
        data-range-tick=""
        role="option"
        tabindex="0"
      >
        <div
          class="svelte-1n8zkn2"
          data-tick-bar=""
        />
         
        <p
          class="svelte-1n8zkn2"
          data-tick-label=""
        >
          80
        </p>
      </div>
      <div
        aria-disabled="false"
        aria-selected="false"
        class="svelte-1n8zkn2"
        data-disabled="false"
        data-range-tick=""
        role="option"
        tabindex="0"
      >
        <div
          class="svelte-1n8zkn2"
          data-tick-bar=""
        />
         
        <p
          class="svelte-1n8zkn2"
          data-tick-label=""
        >
          90
        </p>
      </div>
      <div
        aria-disabled="false"
        aria-selected="false"
        class="svelte-1n8zkn2"
        data-disabled="false"
        data-range-tick=""
        role="option"
        tabindex="0"
      >
        <div
          class="svelte-1n8zkn2"
          data-tick-bar=""
        />
         
        <p
          class="svelte-1n8zkn2"
          data-tick-label=""
        >
          100
        </p>
      </div>
      
    </div>
  </div>
  
  
</div>
`;

exports[`Range.svelte > should render with min, max 1`] = `
<div>
  <!---->
  <div
    aria-disabled="false"
    data-disabled="false"
    data-range-root=""
  >
    <input
      name="range"
      type="hidden"
      value="20,20"
    />
     
    <div
      class="svelte-uj4j6v"
      data-range-track=""
    >
      <div
        class="svelte-uj4j6v"
        data-range-track-bar=""
      />
       
      <div
        class="svelte-uj4j6v"
        data-range-selected=""
        style="left: 20px; width: 0px;"
      />
       
      <!---->
       
      <div
        aria-disabled="false"
        aria-valuemax="0"
        aria-valuemin="20"
        aria-valuenow="20"
        class="svelte-144gy4u"
        data-disabled="false"
        data-range-thumb=""
        data-sliding="false"
        role="slider"
        style="left: 20px;"
        tabindex="0"
      />
      <!---->
    </div>
     
    <div
      class="svelte-uj4j6v"
      data-range-ticks=""
      style="--count: 10;"
    >
      <div
        aria-disabled="false"
        aria-selected="false"
        class="svelte-1n8zkn2"
        data-disabled="false"
        data-range-tick=""
        role="option"
        tabindex="0"
      >
        <div
          class="svelte-1n8zkn2"
          data-tick-bar=""
        />
         
        <p
          class="svelte-1n8zkn2"
          data-tick-label=""
        >
          20
        </p>
      </div>
      <div
        aria-disabled="false"
        aria-selected="false"
        class="svelte-1n8zkn2"
        data-disabled="false"
        data-range-tick=""
        role="option"
        tabindex="0"
      >
        <div
          class="svelte-1n8zkn2"
          data-tick-bar=""
        />
         
        <p
          class="svelte-1n8zkn2"
          data-tick-label=""
        >
          22
        </p>
      </div>
      <div
        aria-disabled="false"
        aria-selected="false"
        class="svelte-1n8zkn2"
        data-disabled="false"
        data-range-tick=""
        role="option"
        tabindex="0"
      >
        <div
          class="svelte-1n8zkn2"
          data-tick-bar=""
        />
         
        <p
          class="svelte-1n8zkn2"
          data-tick-label=""
        >
          24
        </p>
      </div>
      <div
        aria-disabled="false"
        aria-selected="false"
        class="svelte-1n8zkn2"
        data-disabled="false"
        data-range-tick=""
        role="option"
        tabindex="0"
      >
        <div
          class="svelte-1n8zkn2"
          data-tick-bar=""
        />
         
        <p
          class="svelte-1n8zkn2"
          data-tick-label=""
        >
          26
        </p>
      </div>
      <div
        aria-disabled="false"
        aria-selected="false"
        class="svelte-1n8zkn2"
        data-disabled="false"
        data-range-tick=""
        role="option"
        tabindex="0"
      >
        <div
          class="svelte-1n8zkn2"
          data-tick-bar=""
        />
         
        <p
          class="svelte-1n8zkn2"
          data-tick-label=""
        >
          28
        </p>
      </div>
      <div
        aria-disabled="false"
        aria-selected="false"
        class="svelte-1n8zkn2"
        data-disabled="false"
        data-range-tick=""
        role="option"
        tabindex="0"
      >
        <div
          class="svelte-1n8zkn2"
          data-tick-bar=""
        />
         
        <p
          class="svelte-1n8zkn2"
          data-tick-label=""
        >
          30
        </p>
      </div>
      <div
        aria-disabled="false"
        aria-selected="false"
        class="svelte-1n8zkn2"
        data-disabled="false"
        data-range-tick=""
        role="option"
        tabindex="0"
      >
        <div
          class="svelte-1n8zkn2"
          data-tick-bar=""
        />
         
        <p
          class="svelte-1n8zkn2"
          data-tick-label=""
        >
          32
        </p>
      </div>
      <div
        aria-disabled="false"
        aria-selected="false"
        class="svelte-1n8zkn2"
        data-disabled="false"
        data-range-tick=""
        role="option"
        tabindex="0"
      >
        <div
          class="svelte-1n8zkn2"
          data-tick-bar=""
        />
         
        <p
          class="svelte-1n8zkn2"
          data-tick-label=""
        >
          34
        </p>
      </div>
      <div
        aria-disabled="false"
        aria-selected="false"
        class="svelte-1n8zkn2"
        data-disabled="false"
        data-range-tick=""
        role="option"
        tabindex="0"
      >
        <div
          class="svelte-1n8zkn2"
          data-tick-bar=""
        />
         
        <p
          class="svelte-1n8zkn2"
          data-tick-label=""
        >
          36
        </p>
      </div>
      <div
        aria-disabled="false"
        aria-selected="false"
        class="svelte-1n8zkn2"
        data-disabled="false"
        data-range-tick=""
        role="option"
        tabindex="0"
      >
        <div
          class="svelte-1n8zkn2"
          data-tick-bar=""
        />
         
        <p
          class="svelte-1n8zkn2"
          data-tick-label=""
        >
          38
        </p>
      </div>
      <div
        aria-disabled="false"
        aria-selected="false"
        class="svelte-1n8zkn2"
        data-disabled="false"
        data-range-tick=""
        role="option"
        tabindex="0"
      >
        <div
          class="svelte-1n8zkn2"
          data-tick-bar=""
        />
         
        <p
          class="svelte-1n8zkn2"
          data-tick-label=""
        >
          40
        </p>
      </div>
      
    </div>
  </div>
  
  
</div>
`;

exports[`Range.svelte > should render with ticks 1`] = `
<div>
  <!---->
  <div
    aria-disabled="false"
    data-disabled="false"
    data-range-root=""
  >
    <input
      name="range"
      type="hidden"
      value="0,0"
    />
     
    <div
      class="svelte-uj4j6v"
      data-range-track=""
    >
      <div
        class="svelte-uj4j6v"
        data-range-track-bar=""
      />
       
      <div
        class="svelte-uj4j6v"
        data-range-selected=""
        style="left: 0px; width: 0px;"
      />
       
      <!---->
       
      <div
        aria-disabled="false"
        aria-valuemax="0"
        aria-valuemin="0"
        aria-valuenow="0"
        class="svelte-144gy4u"
        data-disabled="false"
        data-range-thumb=""
        data-sliding="false"
        role="slider"
        style="left: 0px;"
        tabindex="0"
      />
      <!---->
    </div>
     
    <div
      class="svelte-uj4j6v"
      data-range-ticks=""
      style="--count: 5;"
    >
      <div
        aria-disabled="false"
        aria-selected="false"
        class="svelte-1n8zkn2"
        data-disabled="false"
        data-range-tick=""
        role="option"
        tabindex="0"
      >
        <div
          class="svelte-1n8zkn2"
          data-tick-bar=""
        />
         
        <p
          class="svelte-1n8zkn2"
          data-tick-label=""
        >
          0
        </p>
      </div>
      <div
        aria-disabled="false"
        aria-selected="false"
        class="svelte-1n8zkn2"
        data-disabled="false"
        data-range-tick=""
        role="option"
        tabindex="0"
      >
        <div
          class="svelte-1n8zkn2"
          data-tick-bar=""
        />
         
        <p
          class="svelte-1n8zkn2"
          data-tick-label=""
        >
          20
        </p>
      </div>
      <div
        aria-disabled="false"
        aria-selected="false"
        class="svelte-1n8zkn2"
        data-disabled="false"
        data-range-tick=""
        role="option"
        tabindex="0"
      >
        <div
          class="svelte-1n8zkn2"
          data-tick-bar=""
        />
         
        <p
          class="svelte-1n8zkn2"
          data-tick-label=""
        >
          40
        </p>
      </div>
      <div
        aria-disabled="false"
        aria-selected="false"
        class="svelte-1n8zkn2"
        data-disabled="false"
        data-range-tick=""
        role="option"
        tabindex="0"
      >
        <div
          class="svelte-1n8zkn2"
          data-tick-bar=""
        />
         
        <p
          class="svelte-1n8zkn2"
          data-tick-label=""
        >
          60
        </p>
      </div>
      <div
        aria-disabled="false"
        aria-selected="false"
        class="svelte-1n8zkn2"
        data-disabled="false"
        data-range-tick=""
        role="option"
        tabindex="0"
      >
        <div
          class="svelte-1n8zkn2"
          data-tick-bar=""
        />
         
        <p
          class="svelte-1n8zkn2"
          data-tick-label=""
        >
          80
        </p>
      </div>
      <div
        aria-disabled="false"
        aria-selected="false"
        class="svelte-1n8zkn2"
        data-disabled="false"
        data-range-tick=""
        role="option"
        tabindex="0"
      >
        <div
          class="svelte-1n8zkn2"
          data-tick-bar=""
        />
         
        <p
          class="svelte-1n8zkn2"
          data-tick-label=""
        >
          100
        </p>
      </div>
      
    </div>
  </div>
  
  
</div>
`;
